// Jest Snapshot v1, https://goo.gl/fbAQLP

exports[`Apollo getClient() errors if client not initialized 1`] = `"Apollo has not been initialized. Please call \`Apollo.initialize()\` from \`@airbnb/lunar-apollo\`."`;
