// Jest Snapshot v1, https://goo.gl/fbAQLP

exports[`<Overlay /> <Portal /> handler functions handleKeyDown() default 1`] = `
Object {
  "height": 0,
}
`;
